Fused elementwise execution: numpy chain vs numexpr single pass
(float64; median of 7 runs after 3 warm-ups)

standardize   (x-m)/s   [2 elementwise ops]   expr: (x - 2.0) / 3.0
           n    numpy ms   numexpr ms   speedup
        1000       0.001        0.006     0.20x
       10000       0.006        0.083     0.07x
       50000       0.019        0.107     0.18x
      100000       0.036        0.100     0.37x
     1000000       0.368        0.210     1.75x
    10000000       3.887        1.987     1.96x
  -> profitable from n >= 1000000

log-chain     log((x-2)/3)*2   [4 elementwise ops]   expr: log((x - 2.0) / 3.0) * 2.0
           n    numpy ms   numexpr ms   speedup
        1000       0.005        0.006     0.74x
       10000       0.025        0.100     0.25x
       50000       0.123        0.112     1.10x
      100000       0.246        0.135     1.82x
     1000000       2.411        0.403     5.98x
    10000000      22.357        3.339     6.70x
  -> profitable from n >= 50000

poly3         x^3+2x^2+3x+4   [8 elementwise ops]   expr: x*x*x + x**2 * 2.0 + x * 3.0 + 4.0
           n    numpy ms   numexpr ms   speedup
        1000       0.003        0.006     0.58x
       10000       0.019        0.099     0.19x
       50000       0.069        0.141     0.49x
      100000       0.135        0.161     0.84x
     1000000       1.467        0.441     3.32x
    10000000      18.269        3.673     4.97x
  -> profitable from n >= 1000000

logabs        log(abs(x)+1)*2   [4 elementwise ops]   expr: log(abs(x) + 1.0) * 2.0
           n    numpy ms   numexpr ms   speedup
        1000       0.004        0.008     0.51x
       10000       0.033        0.101     0.32x
       50000       0.148        0.137     1.08x
      100000       0.305        0.133     2.29x
     1000000       3.060        0.561     5.46x
    10000000      27.161        5.041     5.39x
  -> profitable from n >= 50000

Peak memory at n=5,000,000 (array itself = 40.0 MB)
  case                                   numpy     numexpr     ratio
  standardize                            2.00x       1.00x     2.00x
  log-chain                              2.00x       1.00x     2.00x
  poly3                                  3.00x       1.00x     3.00x
  logabs                                 2.00x       1.00x     2.00x

Cost gate: fusion must be skipped below the crossover, or it is a regression.
  crossovers: standardize=1000000, log-chain=50000, poly3=1000000, logabs=50000
